ASxxxx Linker V03.00 + NoICE + sdld,  page 1.
Hexadecimal  [32-Bits]

Area                                    Addr        Size        Decimal Bytes (Attributes)
--------------------------------        ----        ----        ------- ----- ------------
.  .ABS.                            00000000    00000000 =           0. bytes (ABS,CON)

      Value  Global                              Global Defined In Module
      -----  --------------------------------   ------------------------
     00000000  .__.ABS.                           gphstr
     00000000  l__BSS                          
     00000000  l__CABS                         
     00000000  l__DABS                         
     00000000  l__GSINIT                       
     00000000  l__HEADER                       
     00000000  l__HEAP                         
     00000000  l__HOME                         
     00000000  l__INITIALIZED                  
     00000000  l__INITIALIZER                  
     00000000  s__CABS                         
     00000000  s__DABS                         
     00000000  s__HEADER                       
     00000000  s__HEADER0                      
     00000000  s__HEADER1                      
     00000001  l__GSFINAL                      
     00000003  l__HEADER0                      
     00000009  l__HEADER1                      
     00000038  l__DATA                         
     00000040  ancho_pantalla_bytes               tilemap
     00000100  posicion_inicial_superbuffer       tilemap
     0000115C  l__CODE                         
     00006038  s__CODE                         
     00007194  s__DATA                         
     000071CC  s__GSFINAL                      
     000071CC  s__GSINIT                       
     000071CC  s__HOME                         
     000071CC  s__INITIALIZED                  
     000071CD  s__BSS                          
     000071CD  s__HEAP                         
     000071CD  s__INITIALIZER                  

ASxxxx Linker V03.00 + NoICE + sdld,  page 2.
Hexadecimal  [32-Bits]

Area                                    Addr        Size        Decimal Bytes (Attributes)
--------------------------------        ----        ----        ------- ----- ------------
_CODE                               00006038    0000115C =        4444. bytes (REL,CON)

      Value  Global                              Global Defined In Module
      -----  --------------------------------   ------------------------
     00006038  _data                              code
     0000617E  _initPointers                      code
     00006191  _set_colours                       code
     000061B4  _pause                             code
     000061BA  _collide                           code
     000061CC  _draw_tilemap                      code
     00006212  _print_credits                     code
     00006285  _main                              code
     00006484  __clock                            crt0
     00006485  _exit                              crt0
     00006486  _cpc_ShowTileMap                   tilemap
     00006530  _cpc_CollSp                        sprites
     000065AD  _posiciones_pantalla               tilemap
     000065D5  _posiciones_super_buffer           tilemap
     000065FF  _pantalla_juego                    tilemap
     00006800  _tiles_tocados                     tilemap
     00006896  _tabla_y_ancho_pantalla            tilemap
     000068BE  _tiles                             tilemap
     000068FE  _cpc_SetInk                        video
     00006907  _cpc_SuperbufferAddress            tilemap
     00006933  _cpc_ResetTouchedTiles             tilemap
     00006939  _cpc_UpdScr                        tilemap
     000069C1  _cpc_PrintGphStrXY                 gphstr
     000069D3  terminar_impresion                 gphstr
     000069D8  entrar_cola_impresion              gphstr
     000069D9  add_elemento                       gphstr
     000069FC  leer_elemento                      gphstr
     00006A1F  elementos_cola                     gphstr
     00006A21  pos_cola                           gphstr
     00006A2F  imprimiendo                        gphstr
     00006A30  _cpc_UpdTileTable                  tilemap
     00006A51  _cpc_SetColour                     video
     00006A61  _cpc_ShowTileMap2                  tilemap
     00006A6C  posicion_inicio_pantalla_visible   tilemap
     00006A6F  posicion_inicio_pantalla_visible   tilemap
     00006B1D  creascanes                         tilemap
     00006B21  posicion_inicio_pantalla_visible   tilemap
     00006C94  _cpc_SetInkGphStr                  gphstr
     00006CA0  _cpc_PutSpTileMap                  tilemap
     00006CFE  letra_decodificada                 gphstr
     00006D0E  letra_decodificada_tmp             gphstr
     00006D2E  colores_b0                         gphstr
     00006D32  _cpc_Chars                         gphstr
     00006E9A  _cpc_DisableFirmware               utils
     00006EA9  _backup_fw                         utils
     00006EAB  _cpc_SetTile                       tilemap
     00006EC8  _cpc_SetModo                       video
     00006ECC  _cpc_GetScrAddress                 video
     00006ED0  _cpc_GetScrAddress0                video
     00006F3A  _cpc_PrintGphStr0M1                gphstr
ASxxxx Linker V03.00 + NoICE + sdld,  page 3.
Hexadecimal  [32-Bits]

Area                                    Addr        Size        Decimal Bytes (Attributes)
--------------------------------        ----        ----        ------- ----- ------------
_CODE                               00006038    0000115C =        4444. bytes (REL,CON)

      Value  Global                              Global Defined In Module
      -----  --------------------------------   ------------------------
     00006FFF  colores_m1                         gphstr
     00007009  _cpc_PutMaskSpTileMap2b            tilemap
     00007062  _cpc_TestKey                       keyboard
     0000707C  _cpc_SetBorder                     video
     00007081  _cpc_TestKeyboard                  keyboard
     000070A5  linea                              keyboard
     000070A6  bte                                keyboard
     000070A7  keymap                             keyboard
     000070B1  tecla_0                            keyboard
     000070B3  tabla_teclas                       keyboard
     000070D4  _cpc_PrintGphStr0                  gphstr

ASxxxx Linker V03.00 + NoICE + sdld,  page 4.
Hexadecimal  [32-Bits]

Area                                    Addr        Size        Decimal Bytes (Attributes)
--------------------------------        ----        ----        ------- ----- ------------
_DATA                               00007194    00000038 =          56. bytes (REL,CON)

      Value  Global                              Global Defined In Module
      -----  --------------------------------   ------------------------
     00007194  _sprite00                          code
     000071A2  _sprite01                          code
     000071B0  _sprite02                          code
     000071BE  _p_sprites                         code

ASxxxx Linker V03.00 + NoICE + sdld,  page 5.
Hexadecimal  [32-Bits]

Area                                    Addr        Size        Decimal Bytes (Attributes)
--------------------------------        ----        ----        ------- ----- ------------
_GSINIT                             000071CC    00000000 =           0. bytes (REL,CON)

      Value  Global                              Global Defined In Module
      -----  --------------------------------   ------------------------
     000071CC  gsinit                             crt0

ASxxxx Linker V03.00 + NoICE + sdld,  page 6.
Hexadecimal  [32-Bits]

Area                                    Addr        Size        Decimal Bytes (Attributes)
--------------------------------        ----        ----        ------- ----- ------------
_GSFINAL                            000071CC    00000001 =           1. bytes (REL,CON)

      Value  Global                              Global Defined In Module
      -----  --------------------------------   ------------------------
ASxxxx Linker V03.00 + NoICE + sdld,  page 7.
Hexadecimal  [32-Bits]

Area                                    Addr        Size        Decimal Bytes (Attributes)
--------------------------------        ----        ----        ------- ----- ------------
_HEADER0                            00000000    00000003 =           3. bytes (ABS,CON)

      Value  Global                              Global Defined In Module
      -----  --------------------------------   ------------------------
ASxxxx Linker V03.00 + NoICE + sdld,  page 8.
Hexadecimal  [32-Bits]

Area                                    Addr        Size        Decimal Bytes (Attributes)
--------------------------------        ----        ----        ------- ----- ------------
_HEADER1                            00000000    00000009 =           9. bytes (ABS,CON)

      Value  Global                              Global Defined In Module
      -----  --------------------------------   ------------------------
ASxxxx Linker V03.00 + NoICE + sdld,  page 9.

Files Linked                              [ module(s) ]

code.rel                                  [ code ]
crt0_cpc.rel                              [ crt0 ]


Libraries Linked                          [ object file ]

D:\SDCC\bin\..\lib\z80/cpcrslib.lib       [ cpc_ShowTileMap.rel ]
D:\SDCC\bin\..\lib\z80/cpcrslib.lib       [ cpc_CollSp.rel ]
D:\SDCC\bin\..\lib\z80/cpcrslib.lib       [ cpc_TileMapV.rel ]
D:\SDCC\bin\..\lib\z80/cpcrslib.lib       [ cpc_SetInk.rel ]
D:\SDCC\bin\..\lib\z80/cpcrslib.lib       [ cpc_SuperbufferAddress.rel ]
D:\SDCC\bin\..\lib\z80/cpcrslib.lib       [ cpc_ResetTouchedTiles.rel ]
D:\SDCC\bin\..\lib\z80/cpcrslib.lib       [ cpc_UpdScr.rel ]
D:\SDCC\bin\..\lib\z80/cpcrslib.lib       [ cpc_PrintGphStrXY.rel ]
D:\SDCC\bin\..\lib\z80/cpcrslib.lib       [ cpc_ColaImpresion.rel ]
D:\SDCC\bin\..\lib\z80/cpcrslib.lib       [ cpc_UpdTileTable.rel ]
D:\SDCC\bin\..\lib\z80/cpcrslib.lib       [ cpc_SetColour.rel ]
D:\SDCC\bin\..\lib\z80/cpcrslib.lib       [ cpc_ShowTileMap2.rel ]
D:\SDCC\bin\..\lib\z80/cpcrslib.lib       [ cpc_SetInkGphStr.rel ]
D:\SDCC\bin\..\lib\z80/cpcrslib.lib       [ cpc_PutSpTileMap.rel ]
D:\SDCC\bin\..\lib\z80/cpcrslib.lib       [ cpc_Chars.rel ]
D:\SDCC\bin\..\lib\z80/cpcrslib.lib       [ cpc_DisableFirmware.rel ]
D:\SDCC\bin\..\lib\z80/cpcrslib.lib       [ cpc_SetTile.rel ]
D:\SDCC\bin\..\lib\z80/cpcrslib.lib       [ cpc_SetModo.rel ]
D:\SDCC\bin\..\lib\z80/cpcrslib.lib       [ cpc_GetScrAddress.rel ]
D:\SDCC\bin\..\lib\z80/cpcrslib.lib       [ cpc_PrintGphStr0M1.rel ]
D:\SDCC\bin\..\lib\z80/cpcrslib.lib       [ cpc_PutMaskSpTileMap2b.rel ]
D:\SDCC\bin\..\lib\z80/cpcrslib.lib       [ cpc_TestKey.rel ]
D:\SDCC\bin\..\lib\z80/cpcrslib.lib       [ cpc_SetBorder.rel ]
D:\SDCC\bin\..\lib\z80/cpcrslib.lib       [ cpc_TestKeyboard.rel ]
D:\SDCC\bin\..\lib\z80/cpcrslib.lib       [ cpc_keyboardVar.rel ]
D:\SDCC\bin\..\lib\z80/cpcrslib.lib       [ cpc_PrintGphStr0.rel ]

ASxxxx Linker V03.00 + NoICE + sdld,  page 10.

User Base Address Definitions

_CODE = 0x6038
_DATA = 0x0000

