ASxxxx Linker V03.00 + NoICE + sdld,  page 1.
Hexadecimal  [32-Bits]

Area                                    Addr        Size        Decimal Bytes (Attributes)
--------------------------------        ----        ----        ------- ----- ------------
.  .ABS.                            00000000    00000000 =           0. bytes (ABS,CON)

      Value  Global                              Global Defined In Module
      -----  --------------------------------   ------------------------
     00000000  .__.ABS.                           keyboard
     00000000  l__BSS                          
     00000000  l__CABS                         
     00000000  l__DABS                         
     00000000  l__DATA                         
     00000000  l__GSINIT                       
     00000000  l__HEADER                       
     00000000  l__HEAP                         
     00000000  l__HOME                         
     00000000  l__INITIALIZED                  
     00000000  l__INITIALIZER                  
     00000000  s__CABS                         
     00000000  s__DABS                         
     00000000  s__HEADER                       
     00000000  s__HEADER0                      
     00000000  s__HEADER1                      
     00000001  l__GSFINAL                      
     00000003  l__HEADER0                      
     00000009  l__HEADER1                      
     00000814  l__CODE                         
     00006038  s__CODE                         
     0000684C  s__DATA                         
     0000684C  s__GSFINAL                      
     0000684C  s__GSINIT                       
     0000684C  s__HOME                         
     0000684C  s__INITIALIZED                  
     0000684D  s__BSS                          
     0000684D  s__HEAP                         
     0000684D  s__INITIALIZER                  

ASxxxx Linker V03.00 + NoICE + sdld,  page 2.
Hexadecimal  [32-Bits]

Area                                    Addr        Size        Decimal Bytes (Attributes)
--------------------------------        ----        ----        ------- ----- ------------
_CODE                               00006038    00000814 =        2068. bytes (REL,CON)

      Value  Global                              Global Defined In Module
      -----  --------------------------------   ------------------------
     00006038  _data                              code
     00006099  _main                              code
     0000628B  __clock                            crt0
     0000628C  _exit                              crt0
     0000628D  _cpc_GetScrAddress                 video
     00006291  _cpc_GetScrAddress0                video
     000062FB  _cpc_PrintGphStrXYM1               gphstr
     00006312  _cpc_PrintGphStr0                  gphstr
     000063D2  terminar_impresion                 gphstr
     000063D7  entrar_cola_impresion              gphstr
     000063D8  add_elemento                       gphstr
     000063FB  leer_elemento                      gphstr
     0000641E  elementos_cola                     gphstr
     00006420  pos_cola                           gphstr
     0000642E  imprimiendo                        gphstr
     0000642F  _cpc_GetSp                         sprites
     00006446  _cpc_PutSpXOR0                     sprites
     0000644A  anchox0                            sprites
     00006458  suma_siguiente_lineax0             sprites
     00006467  _cpc_AnyKeyPressed                 keyboard
     00006496  _cpc_PutMaskSp0                    sprites
     0000649A  loop_alto_2m_PutMaskSp0            sprites
     000064AC  salto_lineam_PutMaskSp0            sprites
     000064BB  linea                              keyboard
     000064BC  bte                                keyboard
     000064BD  keymap                             keyboard
     000064C7  tecla_0                            keyboard
     000064C9  tabla_teclas                       keyboard
     000064EA  letra_decodificada                 gphstr
     000064FA  letra_decodificada_tmp             gphstr
     0000651A  colores_b0                         gphstr
     0000651E  _cpc_Chars                         gphstr
     00006686  _cpc_PutSpTr0                      sprites
     00006688  anchot                             sprites
     000066AB  suma_siguiente_lineat              sprites
     000066C9  _cpc_PutSpXOR                      sprites
     000066E0  _cpc_SetModo                       video
     000066E4  _cpc_PutSp                         sprites
     0000671B  _cpc_PrintGphStr0M1                gphstr
     000067E0  colores_m1                         gphstr
     000067EA  _cpc_GetSp0                        sprites
     000067EE  loop_alto_2x_GetSp0                sprites
     000067FB  salto_lineax_GetSp0                sprites
     0000680A  _int_cpc_PutTile2x80               sprites
     00006828  _cpc_TestKeyboard                  keyboard
ASxxxx Linker V03.00 + NoICE + sdld,  page 3.
Hexadecimal  [32-Bits]

Area                                    Addr        Size        Decimal Bytes (Attributes)
--------------------------------        ----        ----        ------- ----- ------------
_GSINIT                             0000684C    00000000 =           0. bytes (REL,CON)

      Value  Global                              Global Defined In Module
      -----  --------------------------------   ------------------------
     0000684C  gsinit                             crt0

ASxxxx Linker V03.00 + NoICE + sdld,  page 4.
Hexadecimal  [32-Bits]

Area                                    Addr        Size        Decimal Bytes (Attributes)
--------------------------------        ----        ----        ------- ----- ------------
_GSFINAL                            0000684C    00000001 =           1. bytes (REL,CON)

      Value  Global                              Global Defined In Module
      -----  --------------------------------   ------------------------
ASxxxx Linker V03.00 + NoICE + sdld,  page 5.
Hexadecimal  [32-Bits]

Area                                    Addr        Size        Decimal Bytes (Attributes)
--------------------------------        ----        ----        ------- ----- ------------
_HEADER0                            00000000    00000003 =           3. bytes (ABS,CON)

      Value  Global                              Global Defined In Module
      -----  --------------------------------   ------------------------
ASxxxx Linker V03.00 + NoICE + sdld,  page 6.
Hexadecimal  [32-Bits]

Area                                    Addr        Size        Decimal Bytes (Attributes)
--------------------------------        ----        ----        ------- ----- ------------
_HEADER1                            00000000    00000009 =           9. bytes (ABS,CON)

      Value  Global                              Global Defined In Module
      -----  --------------------------------   ------------------------
ASxxxx Linker V03.00 + NoICE + sdld,  page 7.

Files Linked                              [ module(s) ]

code.rel                                  [ code ]
crt0_cpc.rel                              [ crt0 ]


Libraries Linked                          [ object file ]

D:\SDCC\bin\..\lib\z80/cpcrslib.lib       [ cpc_GetScrAddress.rel ]
D:\SDCC\bin\..\lib\z80/cpcrslib.lib       [ cpc_PrintGphStrXYM1.rel ]
D:\SDCC\bin\..\lib\z80/cpcrslib.lib       [ cpc_PrintGphStr0.rel ]
D:\SDCC\bin\..\lib\z80/cpcrslib.lib       [ cpc_ColaImpresion.rel ]
D:\SDCC\bin\..\lib\z80/cpcrslib.lib       [ cpc_GetSp.rel ]
D:\SDCC\bin\..\lib\z80/cpcrslib.lib       [ cpc_PutSpXOR0.rel ]
D:\SDCC\bin\..\lib\z80/cpcrslib.lib       [ cpc_AnyKeyPressed.rel ]
D:\SDCC\bin\..\lib\z80/cpcrslib.lib       [ cpc_PutMaskSp0.rel ]
D:\SDCC\bin\..\lib\z80/cpcrslib.lib       [ cpc_keyboardVar.rel ]
D:\SDCC\bin\..\lib\z80/cpcrslib.lib       [ cpc_Chars.rel ]
D:\SDCC\bin\..\lib\z80/cpcrslib.lib       [ cpc_PutSpTr0.rel ]
D:\SDCC\bin\..\lib\z80/cpcrslib.lib       [ cpc_PutSpXOR.rel ]
D:\SDCC\bin\..\lib\z80/cpcrslib.lib       [ cpc_SetModo.rel ]
D:\SDCC\bin\..\lib\z80/cpcrslib.lib       [ cpc_PutSp.rel ]
D:\SDCC\bin\..\lib\z80/cpcrslib.lib       [ cpc_PrintGphStr0M1.rel ]
D:\SDCC\bin\..\lib\z80/cpcrslib.lib       [ cpc_GetSp0.rel ]
D:\SDCC\bin\..\lib\z80/cpcrslib.lib       [ cpc_PutTile2x80.rel ]
D:\SDCC\bin\..\lib\z80/cpcrslib.lib       [ cpc_TestKeyboard.rel ]

ASxxxx Linker V03.00 + NoICE + sdld,  page 8.

User Base Address Definitions

_CODE = 0x6038
_DATA = 0x0000

